<?xml version="1.0" encoding="utf-8"?><testsuites name="pytest tests"><testsuite name="pytest" errors="0" failures="0" skipped="0" tests="57" time="56.557" timestamp="2026-10-03T09:00:02.768511+00:00" hostname="ip-10-130-176-182.us-east-2.compute.internal"><testcase classname="test_scripts.test_bronze_silver_reconciliation.TestBronzeSilverReconciliation" name="test_row_count_match" time="1.975" /><testcase classname="test_scripts.test_bronze_silver_reconciliation.TestBronzeSilverReconciliation" name="test_bronze_count_not_zero" time="0.382" /><testcase classname="test_scripts.test_bronze_silver_reconciliation.TestBronzeSilverReconciliation" name="test_silver_count_not_zero" time="0.362" /><testcase classname="test_scripts.test_bronze_silver_reconciliation.TestBronzeSilverReconciliation" name="test_no_data_loss_bronze_to_silver" time="1.069" /><testcase classname="test_scripts.test_bronze_silver_reconciliation.TestBronzeSilverReconciliation" name="test_no_extra_rows_in_silver" time="1.270" /><testcase classname="test_scripts.test_bronze_silver_reconciliation.TestBronzeSilverReconciliation" name="test_total_sales_match" time="1.521" /><testcase classname="test_scripts.test_bronze_silver_reconciliation.TestBronzeSilverReconciliation" name="test_total_quantity_match" time="1.368" /><testcase classname="test_scripts.test_bronze_silver_reconciliation.TestBronzeSilverReconciliation" name="test_total_profit_match" time="1.467" /><testcase classname="test_scripts.test_bronze_silver_reconciliation.TestBronzeSilverReconciliation" name="test_sub_category_values_match" time="1.249" /><testcase classname="test_scripts.test_bronze_silver_reconciliation.TestBronzeSilverReconciliation" name="test_distinct_categories_match" time="1.277" /><testcase classname="test_scripts.test_bronze_silver_reconciliation.TestBronzeSilverReconciliation" name="test_silver_has_derived_columns" time="0.249" /><testcase classname="test_scripts.test_bronze_silver_reconciliation.TestBronzeSilverReconciliation" name="test_net_sales_calculation" time="0.760" /><testcase classname="test_scripts.test_bronze_silver_reconciliation.TestBronzeSilverReconciliation" name="test_discount_amount_calculation" time="0.856" /><testcase classname="test_scripts.test_bronze_silver_reconciliation.TestBronzeSilverReconciliation" name="test_profit_margin_pct_calculation" time="0.817" /><testcase classname="test_scripts.test_bronze_silver_reconciliation.TestBronzeSilverReconciliation" name="test_is_profitable_flag" time="0.735" /><testcase classname="test_scripts.test_bronze_silver_reconciliation.TestBronzeSilverReconciliation" name="test_order_id_sequence" time="1.046" /><testcase classname="test_scripts.test_raw_csv_bronze_reconciliation.TestRawCsvBronzeReconciliation" name="test_raw_csv_not_empty" time="2.060" /><testcase classname="test_scripts.test_raw_csv_bronze_reconciliation.TestRawCsvBronzeReconciliation" name="test_bronze_table_not_empty" time="0.415" /><testcase classname="test_scripts.test_raw_csv_bronze_reconciliation.TestRawCsvBronzeReconciliation" name="test_row_count_match" time="0.790" /><testcase classname="test_scripts.test_raw_csv_bronze_reconciliation.TestRawCsvBronzeReconciliation" name="test_bronze_has_all_raw_columns" time="0.209" /><testcase classname="test_scripts.test_raw_csv_bronze_reconciliation.TestRawCsvBronzeReconciliation" name="test_bronze_has_metadata_columns" time="0.177" /><testcase classname="test_scripts.test_raw_csv_bronze_reconciliation.TestRawCsvBronzeReconciliation" name="test_ingestion_timestamp_not_null" time="0.607" /><testcase classname="test_scripts.test_raw_csv_bronze_reconciliation.TestRawCsvBronzeReconciliation" name="test_source_file_not_null" time="0.751" /><testcase classname="test_scripts.test_raw_csv_bronze_reconciliation.TestRawCsvBronzeReconciliation" name="test_source_file_value_correct" time="0.711" /><testcase classname="test_scripts.test_raw_csv_bronze_reconciliation.TestRawCsvBronzeReconciliation" name="test_no_data_loss_raw_to_bronze" time="0.881" /><testcase classname="test_scripts.test_raw_csv_bronze_reconciliation.TestRawCsvBronzeReconciliation" name="test_no_extra_rows_in_bronze" time="0.818" /><testcase classname="test_scripts.test_raw_csv_bronze_reconciliation.TestRawCsvBronzeReconciliation" name="test_total_sales_match" time="1.362" /><testcase classname="test_scripts.test_raw_csv_bronze_reconciliation.TestRawCsvBronzeReconciliation" name="test_total_quantity_match" time="1.208" /><testcase classname="test_scripts.test_raw_csv_bronze_reconciliation.TestRawCsvBronzeReconciliation" name="test_total_profit_match" time="1.177" /><testcase classname="test_scripts.test_raw_csv_bronze_reconciliation.TestRawCsvBronzeReconciliation" name="test_distinct_ship_modes_match" time="0.968" /><testcase classname="test_scripts.test_raw_csv_bronze_reconciliation.TestRawCsvBronzeReconciliation" name="test_distinct_segments_match" time="1.127" /><testcase classname="test_scripts.test_raw_csv_bronze_reconciliation.TestRawCsvBronzeReconciliation" name="test_distinct_categories_match" time="1.071" /><testcase classname="test_scripts.test_raw_csv_bronze_reconciliation.TestRawCsvBronzeReconciliation" name="test_distinct_sub_categories_match" time="1.389" /><testcase classname="test_scripts.test_raw_csv_bronze_reconciliation.TestRawCsvBronzeReconciliation" name="test_distinct_regions_match" time="1.263" /><testcase classname="test_scripts.test_raw_csv_bronze_reconciliation.TestRawCsvBronzeReconciliation" name="test_distinct_states_match" time="1.104" /><testcase classname="test_scripts.test_raw_csv_bronze_reconciliation.TestRawCsvBronzeReconciliation" name="test_distinct_postal_codes_match" time="1.045" /><testcase classname="test_scripts.test_silver_gold_reconciliation.TestSilverGoldReconciliation" name="test_gold_segment_summary_not_empty" time="0.591" /><testcase classname="test_scripts.test_silver_gold_reconciliation.TestSilverGoldReconciliation" name="test_gold_segment_columns_exist" time="0.200" /><testcase classname="test_scripts.test_silver_gold_reconciliation.TestSilverGoldReconciliation" name="test_gold_segment_group_count_match" time="1.138" /><testcase classname="test_scripts.test_silver_gold_reconciliation.TestSilverGoldReconciliation" name="test_gold_segment_order_count_match" time="1.271" /><testcase classname="test_scripts.test_silver_gold_reconciliation.TestSilverGoldReconciliation" name="test_gold_segment_total_sales_match" time="1.226" /><testcase classname="test_scripts.test_silver_gold_reconciliation.TestSilverGoldReconciliation" name="test_gold_segment_total_profit_match" time="1.265" /><testcase classname="test_scripts.test_silver_gold_reconciliation.TestSilverGoldReconciliation" name="test_gold_segment_total_quantity_match" time="1.411" /><testcase classname="test_scripts.test_silver_gold_reconciliation.TestSilverGoldReconciliation" name="test_gold_segment_avg_order_value_match" time="1.046" /><testcase classname="test_scripts.test_silver_gold_reconciliation.TestSilverGoldReconciliation" name="test_gold_segment_total_discount_given_match" time="1.227" /><testcase classname="test_scripts.test_silver_gold_reconciliation.TestSilverGoldReconciliation" name="test_gold_regional_not_empty" time="0.383" /><testcase classname="test_scripts.test_silver_gold_reconciliation.TestSilverGoldReconciliation" name="test_gold_regional_columns_exist" time="0.175" /><testcase classname="test_scripts.test_silver_gold_reconciliation.TestSilverGoldReconciliation" name="test_gold_regional_group_count_match" time="0.944" /><testcase classname="test_scripts.test_silver_gold_reconciliation.TestSilverGoldReconciliation" name="test_gold_regional_order_count_match" time="1.090" /><testcase classname="test_scripts.test_silver_gold_reconciliation.TestSilverGoldReconciliation" name="test_gold_regional_total_sales_match" time="0.931" /><testcase classname="test_scripts.test_silver_gold_reconciliation.TestSilverGoldReconciliation" name="test_gold_regional_total_profit_match" time="1.157" /><testcase classname="test_scripts.test_silver_gold_reconciliation.TestSilverGoldReconciliation" name="test_gold_regional_total_quantity_match" time="0.879" /><testcase classname="test_scripts.test_silver_gold_reconciliation.TestSilverGoldReconciliation" name="test_gold_regional_avg_discount_pct_match" time="0.976" /><testcase classname="test_scripts.test_silver_gold_reconciliation.TestSilverGoldReconciliation" name="test_gold_regional_profit_margin_pct_match" time="0.973" /><testcase classname="test_scripts.test_silver_gold_reconciliation.TestSilverGoldReconciliation" name="test_gold_regional_profitable_orders_match" time="1.094" /><testcase classname="test_scripts.test_silver_gold_reconciliation.TestSilverGoldReconciliation" name="test_gold_regional_loss_orders_match" time="0.953" /><testcase classname="test_scripts.test_silver_gold_reconciliation.TestSilverGoldReconciliation" name="test_gold_regional_order_count_equals_profitable_plus_loss" time="0.687" /></testsuite></testsuites>